Gene	Index	_QUERY
CDK2	1	CDKN2
CDH13	2	CDH13
GLE1	3	GLE1
CALM1P1	4	CALM1P1
RCBTB2	5	RCBTB2
SLC25A5P3	6	SLC25A5P3
NOSUCHGENE	7	NOSUCHGENE
ZNF439	8	znf439
NFS1	9	nfs1
TAF1A	10	TAF1A
CRYGA	11	CRYG5
