Chromosome	Position	FaSD Score	Genotype	Ref	Alt	Depth	-10lgCP1	-10lgCP2	-10lgCP3
